14:36:15 **** Build of configuration Debug for project ucos-ii_demo_0 ****
make all 
'Building file: ../src/uCOS-II/Source/os_core.c'
'Invoking: ARM gcc compiler'
arm-xilinx-eabi-gcc -Wall -O2 -DNDEBUG -I../src/App -I../src/BSP -I../src/Init -I../src/uC-CPU -I../src/uC-LIB -I../src/uC-CPU/ARM-Cortex-A9/GNU -I../src/uC-CSP/MCU -I../src/uC-CSP/MCU/Xilinx/Cortex-A9_MPCore -I../src/uC-CSP/MCU/Xilinx/Cortex-A9_MPCore/Zynq-7000 -I../src/uCOS-II/Source -I../src/uCOS-II/Ports/ARM-Cortex-A9/Generic/GNU -I../src/uCOS-II/Ports/ARM-Cortex-A9/CSP -I../src/uCOS-II/Ports/ARM-Cortex-A9/CSP/Xilinx/Cortex-A9_MPCore -I../../ucos-ii_demo_0_bsp/ps7_cortexa9_0/include -c -fmessage-length=0 -MMD -MP -MF"src/uCOS-II/Source/os_core.d" -MT"src/uCOS-II/Source/os_core.d" -o "src/uCOS-II/Source/os_core.o" "../src/uCOS-II/Source/os_core.c"
'Finished building: ../src/uCOS-II/Source/os_core.c'
' '
'Building file: ../src/uCOS-II/Source/os_dbg_r.c'
'Invoking: ARM gcc compiler'
arm-xilinx-eabi-gcc -Wall -O2 -DNDEBUG -I../src/App -I../src/BSP -I../src/Init -I../src/uC-CPU -I../src/uC-LIB -I../src/uC-CPU/ARM-Cortex-A9/GNU -I../src/uC-CSP/MCU -I../src/uC-CSP/MCU/Xilinx/Cortex-A9_MPCore -I../src/uC-CSP/MCU/Xilinx/Cortex-A9_MPCore/Zynq-7000 -I../src/uCOS-II/Source -I../src/uCOS-II/Ports/ARM-Cortex-A9/Generic/GNU -I../src/uCOS-II/Ports/ARM-Cortex-A9/CSP -I../src/uCOS-II/Ports/ARM-Cortex-A9/CSP/Xilinx/Cortex-A9_MPCore -I../../ucos-ii_demo_0_bsp/ps7_cortexa9_0/include -c -fmessage-length=0 -MMD -MP -MF"src/uCOS-II/Source/os_dbg_r.d" -MT"src/uCOS-II/Source/os_dbg_r.d" -o "src/uCOS-II/Source/os_dbg_r.o" "../src/uCOS-II/Source/os_dbg_r.c"
'Finished building: ../src/uCOS-II/Source/os_dbg_r.c'
' '
'Building file: ../src/uCOS-II/Source/os_flag.c'
'Invoking: ARM gcc compiler'
arm-xilinx-eabi-gcc -Wall -O2 -DNDEBUG -I../src/App -I../src/BSP -I../src/Init -I../src/uC-CPU -I../src/uC-LIB -I../src/uC-CPU/ARM-Cortex-A9/GNU -I../src/uC-CSP/MCU -I../src/uC-CSP/MCU/Xilinx/Cortex-A9_MPCore -I../src/uC-CSP/MCU/Xilinx/Cortex-A9_MPCore/Zynq-7000 -I../src/uCOS-II/Source -I../src/uCOS-II/Ports/ARM-Cortex-A9/Generic/GNU -I../src/uCOS-II/Ports/ARM-Cortex-A9/CSP -I../src/uCOS-II/Ports/ARM-Cortex-A9/CSP/Xilinx/Cortex-A9_MPCore -I../../ucos-ii_demo_0_bsp/ps7_cortexa9_0/include -c -fmessage-length=0 -MMD -MP -MF"src/uCOS-II/Source/os_flag.d" -MT"src/uCOS-II/Source/os_flag.d" -o "src/uCOS-II/Source/os_flag.o" "../src/uCOS-II/Source/os_flag.c"
'Finished building: ../src/uCOS-II/Source/os_flag.c'
' '
'Building file: ../src/uCOS-II/Source/os_mbox.c'
'Invoking: ARM gcc compiler'
arm-xilinx-eabi-gcc -Wall -O2 -DNDEBUG -I../src/App -I../src/BSP -I../src/Init -I../src/uC-CPU -I../src/uC-LIB -I../src/uC-CPU/ARM-Cortex-A9/GNU -I../src/uC-CSP/MCU -I../src/uC-CSP/MCU/Xilinx/Cortex-A9_MPCore -I../src/uC-CSP/MCU/Xilinx/Cortex-A9_MPCore/Zynq-7000 -I../src/uCOS-II/Source -I../src/uCOS-II/Ports/ARM-Cortex-A9/Generic/GNU -I../src/uCOS-II/Ports/ARM-Cortex-A9/CSP -I../src/uCOS-II/Ports/ARM-Cortex-A9/CSP/Xilinx/Cortex-A9_MPCore -I../../ucos-ii_demo_0_bsp/ps7_cortexa9_0/include -c -fmessage-length=0 -MMD -MP -MF"src/uCOS-II/Source/os_mbox.d" -MT"src/uCOS-II/Source/os_mbox.d" -o "src/uCOS-II/Source/os_mbox.o" "../src/uCOS-II/Source/os_mbox.c"
'Finished building: ../src/uCOS-II/Source/os_mbox.c'
' '
'Building file: ../src/uCOS-II/Source/os_mem.c'
'Invoking: ARM gcc compiler'
arm-xilinx-eabi-gcc -Wall -O2 -DNDEBUG -I../src/App -I../src/BSP -I../src/Init -I../src/uC-CPU -I../src/uC-LIB -I../src/uC-CPU/ARM-Cortex-A9/GNU -I../src/uC-CSP/MCU -I../src/uC-CSP/MCU/Xilinx/Cortex-A9_MPCore -I../src/uC-CSP/MCU/Xilinx/Cortex-A9_MPCore/Zynq-7000 -I../src/uCOS-II/Source -I../src/uCOS-II/Ports/ARM-Cortex-A9/Generic/GNU -I../src/uCOS-II/Ports/ARM-Cortex-A9/CSP -I../src/uCOS-II/Ports/ARM-Cortex-A9/CSP/Xilinx/Cortex-A9_MPCore -I../../ucos-ii_demo_0_bsp/ps7_cortexa9_0/include -c -fmessage-length=0 -MMD -MP -MF"src/uCOS-II/Source/os_mem.d" -MT"src/uCOS-II/Source/os_mem.d" -o "src/uCOS-II/Source/os_mem.o" "../src/uCOS-II/Source/os_mem.c"
'Finished building: ../src/uCOS-II/Source/os_mem.c'
' '
'Building file: ../src/uCOS-II/Source/os_mutex.c'
'Invoking: ARM gcc compiler'
arm-xilinx-eabi-gcc -Wall -O2 -DNDEBUG -I../src/App -I../src/BSP -I../src/Init -I../src/uC-CPU -I../src/uC-LIB -I../src/uC-CPU/ARM-Cortex-A9/GNU -I../src/uC-CSP/MCU -I../src/uC-CSP/MCU/Xilinx/Cortex-A9_MPCore -I../src/uC-CSP/MCU/Xilinx/Cortex-A9_MPCore/Zynq-7000 -I../src/uCOS-II/Source -I../src/uCOS-II/Ports/ARM-Cortex-A9/Generic/GNU -I../src/uCOS-II/Ports/ARM-Cortex-A9/CSP -I../src/uCOS-II/Ports/ARM-Cortex-A9/CSP/Xilinx/Cortex-A9_MPCore -I../../ucos-ii_demo_0_bsp/ps7_cortexa9_0/include -c -fmessage-length=0 -MMD -MP -MF"src/uCOS-II/Source/os_mutex.d" -MT"src/uCOS-II/Source/os_mutex.d" -o "src/uCOS-II/Source/os_mutex.o" "../src/uCOS-II/Source/os_mutex.c"
'Finished building: ../src/uCOS-II/Source/os_mutex.c'
' '
'Building file: ../src/uCOS-II/Source/os_q.c'
'Invoking: ARM gcc compiler'
arm-xilinx-eabi-gcc -Wall -O2 -DNDEBUG -I../src/App -I../src/BSP -I../src/Init -I../src/uC-CPU -I../src/uC-LIB -I../src/uC-CPU/ARM-Cortex-A9/GNU -I../src/uC-CSP/MCU -I../src/uC-CSP/MCU/Xilinx/Cortex-A9_MPCore -I../src/uC-CSP/MCU/Xilinx/Cortex-A9_MPCore/Zynq-7000 -I../src/uCOS-II/Source -I../src/uCOS-II/Ports/ARM-Cortex-A9/Generic/GNU -I../src/uCOS-II/Ports/ARM-Cortex-A9/CSP -I../src/uCOS-II/Ports/ARM-Cortex-A9/CSP/Xilinx/Cortex-A9_MPCore -I../../ucos-ii_demo_0_bsp/ps7_cortexa9_0/include -c -fmessage-length=0 -MMD -MP -MF"src/uCOS-II/Source/os_q.d" -MT"src/uCOS-II/Source/os_q.d" -o "src/uCOS-II/Source/os_q.o" "../src/uCOS-II/Source/os_q.c"
'Finished building: ../src/uCOS-II/Source/os_q.c'
' '
'Building file: ../src/uCOS-II/Source/os_sem.c'
'Invoking: ARM gcc compiler'
arm-xilinx-eabi-gcc -Wall -O2 -DNDEBUG -I../src/App -I../src/BSP -I../src/Init -I../src/uC-CPU -I../src/uC-LIB -I../src/uC-CPU/ARM-Cortex-A9/GNU -I../src/uC-CSP/MCU -I../src/uC-CSP/MCU/Xilinx/Cortex-A9_MPCore -I../src/uC-CSP/MCU/Xilinx/Cortex-A9_MPCore/Zynq-7000 -I../src/uCOS-II/Source -I../src/uCOS-II/Ports/ARM-Cortex-A9/Generic/GNU -I../src/uCOS-II/Ports/ARM-Cortex-A9/CSP -I../src/uCOS-II/Ports/ARM-Cortex-A9/CSP/Xilinx/Cortex-A9_MPCore -I../../ucos-ii_demo_0_bsp/ps7_cortexa9_0/include -c -fmessage-length=0 -MMD -MP -MF"src/uCOS-II/Source/os_sem.d" -MT"src/uCOS-II/Source/os_sem.d" -o "src/uCOS-II/Source/os_sem.o" "../src/uCOS-II/Source/os_sem.c"
'Finished building: ../src/uCOS-II/Source/os_sem.c'
' '
'Building file: ../src/uCOS-II/Source/os_task.c'
'Invoking: ARM gcc compiler'
arm-xilinx-eabi-gcc -Wall -O2 -DNDEBUG -I../src/App -I../src/BSP -I../src/Init -I../src/uC-CPU -I../src/uC-LIB -I../src/uC-CPU/ARM-Cortex-A9/GNU -I../src/uC-CSP/MCU -I../src/uC-CSP/MCU/Xilinx/Cortex-A9_MPCore -I../src/uC-CSP/MCU/Xilinx/Cortex-A9_MPCore/Zynq-7000 -I../src/uCOS-II/Source -I../src/uCOS-II/Ports/ARM-Cortex-A9/Generic/GNU -I../src/uCOS-II/Ports/ARM-Cortex-A9/CSP -I../src/uCOS-II/Ports/ARM-Cortex-A9/CSP/Xilinx/Cortex-A9_MPCore -I../../ucos-ii_demo_0_bsp/ps7_cortexa9_0/include -c -fmessage-length=0 -MMD -MP -MF"src/uCOS-II/Source/os_task.d" -MT"src/uCOS-II/Source/os_task.d" -o "src/uCOS-II/Source/os_task.o" "../src/uCOS-II/Source/os_task.c"
'Finished building: ../src/uCOS-II/Source/os_task.c'
' '
'Building file: ../src/uCOS-II/Source/os_time.c'
'Invoking: ARM gcc compiler'
arm-xilinx-eabi-gcc -Wall -O2 -DNDEBUG -I../src/App -I../src/BSP -I../src/Init -I../src/uC-CPU -I../src/uC-LIB -I../src/uC-CPU/ARM-Cortex-A9/GNU -I../src/uC-CSP/MCU -I../src/uC-CSP/MCU/Xilinx/Cortex-A9_MPCore -I../src/uC-CSP/MCU/Xilinx/Cortex-A9_MPCore/Zynq-7000 -I../src/uCOS-II/Source -I../src/uCOS-II/Ports/ARM-Cortex-A9/Generic/GNU -I../src/uCOS-II/Ports/ARM-Cortex-A9/CSP -I../src/uCOS-II/Ports/ARM-Cortex-A9/CSP/Xilinx/Cortex-A9_MPCore -I../../ucos-ii_demo_0_bsp/ps7_cortexa9_0/include -c -fmessage-length=0 -MMD -MP -MF"src/uCOS-II/Source/os_time.d" -MT"src/uCOS-II/Source/os_time.d" -o "src/uCOS-II/Source/os_time.o" "../src/uCOS-II/Source/os_time.c"
'Finished building: ../src/uCOS-II/Source/os_time.c'
' '
'Building file: ../src/uCOS-II/Source/os_tmr.c'
'Invoking: ARM gcc compiler'
arm-xilinx-eabi-gcc -Wall -O2 -DNDEBUG -I../src/App -I../src/BSP -I../src/Init -I../src/uC-CPU -I../src/uC-LIB -I../src/uC-CPU/ARM-Cortex-A9/GNU -I../src/uC-CSP/MCU -I../src/uC-CSP/MCU/Xilinx/Cortex-A9_MPCore -I../src/uC-CSP/MCU/Xilinx/Cortex-A9_MPCore/Zynq-7000 -I../src/uCOS-II/Source -I../src/uCOS-II/Ports/ARM-Cortex-A9/Generic/GNU -I../src/uCOS-II/Ports/ARM-Cortex-A9/CSP -I../src/uCOS-II/Ports/ARM-Cortex-A9/CSP/Xilinx/Cortex-A9_MPCore -I../../ucos-ii_demo_0_bsp/ps7_cortexa9_0/include -c -fmessage-length=0 -MMD -MP -MF"src/uCOS-II/Source/os_tmr.d" -MT"src/uCOS-II/Source/os_tmr.d" -o "src/uCOS-II/Source/os_tmr.o" "../src/uCOS-II/Source/os_tmr.c"
'Finished building: ../src/uCOS-II/Source/os_tmr.c'
' '
'Building file: ../src/uCOS-II/Ports/ARM-Cortex-A9/Generic/GNU/os_cpu_a.S'
'Invoking: ARM gcc compiler'
arm-xilinx-eabi-gcc -Wall -O2 -DNDEBUG -I../src/App -I../src/BSP -I../src/Init -I../src/uC-CPU -I../src/uC-LIB -I../src/uC-CPU/ARM-Cortex-A9/GNU -I../src/uC-CSP/MCU -I../src/uC-CSP/MCU/Xilinx/Cortex-A9_MPCore -I../src/uC-CSP/MCU/Xilinx/Cortex-A9_MPCore/Zynq-7000 -I../src/uCOS-II/Source -I../src/uCOS-II/Ports/ARM-Cortex-A9/Generic/GNU -I../src/uCOS-II/Ports/ARM-Cortex-A9/CSP -I../src/uCOS-II/Ports/ARM-Cortex-A9/CSP/Xilinx/Cortex-A9_MPCore -I../../ucos-ii_demo_0_bsp/ps7_cortexa9_0/include -c -fmessage-length=0 -MMD -MP -MF"src/uCOS-II/Ports/ARM-Cortex-A9/Generic/GNU/os_cpu_a.d" -MT"src/uCOS-II/Ports/ARM-Cortex-A9/Generic/GNU/os_cpu_a.d" -o "src/uCOS-II/Ports/ARM-Cortex-A9/Generic/GNU/os_cpu_a.o" "../src/uCOS-II/Ports/ARM-Cortex-A9/Generic/GNU/os_cpu_a.S"
'Finished building: ../src/uCOS-II/Ports/ARM-Cortex-A9/Generic/GNU/os_cpu_a.S'
' '
'Building file: ../src/uCOS-II/Ports/ARM-Cortex-A9/Generic/GNU/os_cpu_c.c'
'Invoking: ARM gcc compiler'
arm-xilinx-eabi-gcc -Wall -O2 -DNDEBUG -I../src/App -I../src/BSP -I../src/Init -I../src/uC-CPU -I../src/uC-LIB -I../src/uC-CPU/ARM-Cortex-A9/GNU -I../src/uC-CSP/MCU -I../src/uC-CSP/MCU/Xilinx/Cortex-A9_MPCore -I../src/uC-CSP/MCU/Xilinx/Cortex-A9_MPCore/Zynq-7000 -I../src/uCOS-II/Source -I../src/uCOS-II/Ports/ARM-Cortex-A9/Generic/GNU -I../src/uCOS-II/Ports/ARM-Cortex-A9/CSP -I../src/uCOS-II/Ports/ARM-Cortex-A9/CSP/Xilinx/Cortex-A9_MPCore -I../../ucos-ii_demo_0_bsp/ps7_cortexa9_0/include -c -fmessage-length=0 -MMD -MP -MF"src/uCOS-II/Ports/ARM-Cortex-A9/Generic/GNU/os_cpu_c.d" -MT"src/uCOS-II/Ports/ARM-Cortex-A9/Generic/GNU/os_cpu_c.d" -o "src/uCOS-II/Ports/ARM-Cortex-A9/Generic/GNU/os_cpu_c.o" "../src/uCOS-II/Ports/ARM-Cortex-A9/Generic/GNU/os_cpu_c.c"
'Finished building: ../src/uCOS-II/Ports/ARM-Cortex-A9/Generic/GNU/os_cpu_c.c'
' '
'Building file: ../src/uCOS-II/Ports/ARM-Cortex-A9/CSP/Xilinx/Cortex-A9_MPCore/os_csp.c'
'Invoking: ARM gcc compiler'
arm-xilinx-eabi-gcc -Wall -O2 -DNDEBUG -I../src/App -I../src/BSP -I../src/Init -I../src/uC-CPU -I../src/uC-LIB -I../src/uC-CPU/ARM-Cortex-A9/GNU -I../src/uC-CSP/MCU -I../src/uC-CSP/MCU/Xilinx/Cortex-A9_MPCore -I../src/uC-CSP/MCU/Xilinx/Cortex-A9_MPCore/Zynq-7000 -I../src/uCOS-II/Source -I../src/uCOS-II/Ports/ARM-Cortex-A9/Generic/GNU -I../src/uCOS-II/Ports/ARM-Cortex-A9/CSP -I../src/uCOS-II/Ports/ARM-Cortex-A9/CSP/Xilinx/Cortex-A9_MPCore -I../../ucos-ii_demo_0_bsp/ps7_cortexa9_0/include -c -fmessage-length=0 -MMD -MP -MF"src/uCOS-II/Ports/ARM-Cortex-A9/CSP/Xilinx/Cortex-A9_MPCore/os_csp.d" -MT"src/uCOS-II/Ports/ARM-Cortex-A9/CSP/Xilinx/Cortex-A9_MPCore/os_csp.d" -o "src/uCOS-II/Ports/ARM-Cortex-A9/CSP/Xilinx/Cortex-A9_MPCore/os_csp.o" "../src/uCOS-II/Ports/ARM-Cortex-A9/CSP/Xilinx/Cortex-A9_MPCore/os_csp.c"
'Finished building: ../src/uCOS-II/Ports/ARM-Cortex-A9/CSP/Xilinx/Cortex-A9_MPCore/os_csp.c'
' '
'Building file: ../src/uC-LIB/lib_ascii.c'
'Invoking: ARM gcc compiler'
arm-xilinx-eabi-gcc -Wall -O2 -DNDEBUG -I../src/App -I../src/BSP -I../src/Init -I../src/uC-CPU -I../src/uC-LIB -I../src/uC-CPU/ARM-Cortex-A9/GNU -I../src/uC-CSP/MCU -I../src/uC-CSP/MCU/Xilinx/Cortex-A9_MPCore -I../src/uC-CSP/MCU/Xilinx/Cortex-A9_MPCore/Zynq-7000 -I../src/uCOS-II/Source -I../src/uCOS-II/Ports/ARM-Cortex-A9/Generic/GNU -I../src/uCOS-II/Ports/ARM-Cortex-A9/CSP -I../src/uCOS-II/Ports/ARM-Cortex-A9/CSP/Xilinx/Cortex-A9_MPCore -I../../ucos-ii_demo_0_bsp/ps7_cortexa9_0/include -c -fmessage-length=0 -MMD -MP -MF"src/uC-LIB/lib_ascii.d" -MT"src/uC-LIB/lib_ascii.d" -o "src/uC-LIB/lib_ascii.o" "../src/uC-LIB/lib_ascii.c"
'Finished building: ../src/uC-LIB/lib_ascii.c'
' '
'Building file: ../src/uC-LIB/lib_math.c'
'Invoking: ARM gcc compiler'
arm-xilinx-eabi-gcc -Wall -O2 -DNDEBUG -I../src/App -I../src/BSP -I../src/Init -I../src/uC-CPU -I../src/uC-LIB -I../src/uC-CPU/ARM-Cortex-A9/GNU -I../src/uC-CSP/MCU -I../src/uC-CSP/MCU/Xilinx/Cortex-A9_MPCore -I../src/uC-CSP/MCU/Xilinx/Cortex-A9_MPCore/Zynq-7000 -I../src/uCOS-II/Source -I../src/uCOS-II/Ports/ARM-Cortex-A9/Generic/GNU -I../src/uCOS-II/Ports/ARM-Cortex-A9/CSP -I../src/uCOS-II/Ports/ARM-Cortex-A9/CSP/Xilinx/Cortex-A9_MPCore -I../../ucos-ii_demo_0_bsp/ps7_cortexa9_0/include -c -fmessage-length=0 -MMD -MP -MF"src/uC-LIB/lib_math.d" -MT"src/uC-LIB/lib_math.d" -o "src/uC-LIB/lib_math.o" "../src/uC-LIB/lib_math.c"
'Finished building: ../src/uC-LIB/lib_math.c'
' '
'Building file: ../src/uC-LIB/lib_mem.c'
'Invoking: ARM gcc compiler'
arm-xilinx-eabi-gcc -Wall -O2 -DNDEBUG -I../src/App -I../src/BSP -I../src/Init -I../src/uC-CPU -I../src/uC-LIB -I../src/uC-CPU/ARM-Cortex-A9/GNU -I../src/uC-CSP/MCU -I../src/uC-CSP/MCU/Xilinx/Cortex-A9_MPCore -I../src/uC-CSP/MCU/Xilinx/Cortex-A9_MPCore/Zynq-7000 -I../src/uCOS-II/Source -I../src/uCOS-II/Ports/ARM-Cortex-A9/Generic/GNU -I../src/uCOS-II/Ports/ARM-Cortex-A9/CSP -I../src/uCOS-II/Ports/ARM-Cortex-A9/CSP/Xilinx/Cortex-A9_MPCore -I../../ucos-ii_demo_0_bsp/ps7_cortexa9_0/include -c -fmessage-length=0 -MMD -MP -MF"src/uC-LIB/lib_mem.d" -MT"src/uC-LIB/lib_mem.d" -o "src/uC-LIB/lib_mem.o" "../src/uC-LIB/lib_mem.c"
'Finished building: ../src/uC-LIB/lib_mem.c'
' '
'Building file: ../src/uC-LIB/lib_str.c'
'Invoking: ARM gcc compiler'
arm-xilinx-eabi-gcc -Wall -O2 -DNDEBUG -I../src/App -I../src/BSP -I../src/Init -I../src/uC-CPU -I../src/uC-LIB -I../src/uC-CPU/ARM-Cortex-A9/GNU -I../src/uC-CSP/MCU -I../src/uC-CSP/MCU/Xilinx/Cortex-A9_MPCore -I../src/uC-CSP/MCU/Xilinx/Cortex-A9_MPCore/Zynq-7000 -I../src/uCOS-II/Source -I../src/uCOS-II/Ports/ARM-Cortex-A9/Generic/GNU -I../src/uCOS-II/Ports/ARM-Cortex-A9/CSP -I../src/uCOS-II/Ports/ARM-Cortex-A9/CSP/Xilinx/Cortex-A9_MPCore -I../../ucos-ii_demo_0_bsp/ps7_cortexa9_0/include -c -fmessage-length=0 -MMD -MP -MF"src/uC-LIB/lib_str.d" -MT"src/uC-LIB/lib_str.d" -o "src/uC-LIB/lib_str.o" "../src/uC-LIB/lib_str.c"
../src/uC-LIB/lib_str.c: In function 'Str_FmtNbr_Int32':
../src/uC-LIB/lib_str.c:3611:25: warning: 'nbr_fmt' may be used uninitialized in this function [-Wmaybe-uninitialized]
'Finished building: ../src/uC-LIB/lib_str.c'
' '
'Building file: ../src/uC-CSP/MCU/Xilinx/Cortex-A9_MPCore/csp_gpio.c'
'Invoking: ARM gcc compiler'
arm-xilinx-eabi-gcc -Wall -O2 -DNDEBUG -I../src/App -I../src/BSP -I../src/Init -I../src/uC-CPU -I../src/uC-LIB -I../src/uC-CPU/ARM-Cortex-A9/GNU -I../src/uC-CSP/MCU -I../src/uC-CSP/MCU/Xilinx/Cortex-A9_MPCore -I../src/uC-CSP/MCU/Xilinx/Cortex-A9_MPCore/Zynq-7000 -I../src/uCOS-II/Source -I../src/uCOS-II/Ports/ARM-Cortex-A9/Generic/GNU -I../src/uCOS-II/Ports/ARM-Cortex-A9/CSP -I../src/uCOS-II/Ports/ARM-Cortex-A9/CSP/Xilinx/Cortex-A9_MPCore -I../../ucos-ii_demo_0_bsp/ps7_cortexa9_0/include -c -fmessage-length=0 -MMD -MP -MF"src/uC-CSP/MCU/Xilinx/Cortex-A9_MPCore/csp_gpio.d" -MT"src/uC-CSP/MCU/Xilinx/Cortex-A9_MPCore/csp_gpio.d" -o "src/uC-CSP/MCU/Xilinx/Cortex-A9_MPCore/csp_gpio.o" "../src/uC-CSP/MCU/Xilinx/Cortex-A9_MPCore/csp_gpio.c"
'Finished building: ../src/uC-CSP/MCU/Xilinx/Cortex-A9_MPCore/csp_gpio.c'
' '
'Building file: ../src/uC-CSP/MCU/Xilinx/Cortex-A9_MPCore/csp_int.c'
'Invoking: ARM gcc compiler'
arm-xilinx-eabi-gcc -Wall -O2 -DNDEBUG -I../src/App -I../src/BSP -I../src/Init -I../src/uC-CPU -I../src/uC-LIB -I../src/uC-CPU/ARM-Cortex-A9/GNU -I../src/uC-CSP/MCU -I../src/uC-CSP/MCU/Xilinx/Cortex-A9_MPCore -I../src/uC-CSP/MCU/Xilinx/Cortex-A9_MPCore/Zynq-7000 -I../src/uCOS-II/Source -I../src/uCOS-II/Ports/ARM-Cortex-A9/Generic/GNU -I../src/uCOS-II/Ports/ARM-Cortex-A9/CSP -I../src/uCOS-II/Ports/ARM-Cortex-A9/CSP/Xilinx/Cortex-A9_MPCore -I../../ucos-ii_demo_0_bsp/ps7_cortexa9_0/include -c -fmessage-length=0 -MMD -MP -MF"src/uC-CSP/MCU/Xilinx/Cortex-A9_MPCore/csp_int.d" -MT"src/uC-CSP/MCU/Xilinx/Cortex-A9_MPCore/csp_int.d" -o "src/uC-CSP/MCU/Xilinx/Cortex-A9_MPCore/csp_int.o" "../src/uC-CSP/MCU/Xilinx/Cortex-A9_MPCore/csp_int.c"
../src/uC-CSP/MCU/Xilinx/Cortex-A9_MPCore/csp_int.c: In function 'CSP_IntDisAll':
../src/uC-CSP/MCU/Xilinx/Cortex-A9_MPCore/csp_int.c:262:5: warning: value computed is not used [-Wunused-value]
../src/uC-CSP/MCU/Xilinx/Cortex-A9_MPCore/csp_int.c: In function 'CSP_IntInit':
../src/uC-CSP/MCU/Xilinx/Cortex-A9_MPCore/csp_int.c:333:67: warning: "/*" within comment [-Wcomment]
../src/uC-CSP/MCU/Xilinx/Cortex-A9_MPCore/csp_int.c:335:64: warning: "/*" within comment [-Wcomment]
../src/uC-CSP/MCU/Xilinx/Cortex-A9_MPCore/csp_int.c:365:67: warning: "/*" within comment [-Wcomment]
../src/uC-CSP/MCU/Xilinx/Cortex-A9_MPCore/csp_int.c:366:67: warning: "/*" within comment [-Wcomment]
../src/uC-CSP/MCU/Xilinx/Cortex-A9_MPCore/csp_int.c:367:66: warning: "/*" within comment [-Wcomment]
../src/uC-CSP/MCU/Xilinx/Cortex-A9_MPCore/csp_int.c: In function 'CSP_IntSrcCfg':
../src/uC-CSP/MCU/Xilinx/Cortex-A9_MPCore/csp_int.c:435:6: warning: value computed is not used [-Wunused-value]
../src/uC-CSP/MCU/Xilinx/Cortex-A9_MPCore/csp_int.c:437:6: warning: value computed is not used [-Wunused-value]
'Finished building: ../src/uC-CSP/MCU/Xilinx/Cortex-A9_MPCore/csp_int.c'
' '
'Building file: ../src/uC-CSP/MCU/Xilinx/Cortex-A9_MPCore/csp_pm.c'
'Invoking: ARM gcc compiler'
arm-xilinx-eabi-gcc -Wall -O2 -DNDEBUG -I../src/App -I../src/BSP -I../src/Init -I../src/uC-CPU -I../src/uC-LIB -I../src/uC-CPU/ARM-Cortex-A9/GNU -I../src/uC-CSP/MCU -I../src/uC-CSP/MCU/Xilinx/Cortex-A9_MPCore -I../src/uC-CSP/MCU/Xilinx/Cortex-A9_MPCore/Zynq-7000 -I../src/uCOS-II/Source -I../src/uCOS-II/Ports/ARM-Cortex-A9/Generic/GNU -I../src/uCOS-II/Ports/ARM-Cortex-A9/CSP -I../src/uCOS-II/Ports/ARM-Cortex-A9/CSP/Xilinx/Cortex-A9_MPCore -I../../ucos-ii_demo_0_bsp/ps7_cortexa9_0/include -c -fmessage-length=0 -MMD -MP -MF"src/uC-CSP/MCU/Xilinx/Cortex-A9_MPCore/csp_pm.d" -MT"src/uC-CSP/MCU/Xilinx/Cortex-A9_MPCore/csp_pm.d" -o "src/uC-CSP/MCU/Xilinx/Cortex-A9_MPCore/csp_pm.o" "../src/uC-CSP/MCU/Xilinx/Cortex-A9_MPCore/csp_pm.c"
../src/uC-CSP/MCU/Xilinx/Cortex-A9_MPCore/csp_pm.c: In function 'CSP_PM_PerClkEn':
../src/uC-CSP/MCU/Xilinx/Cortex-A9_MPCore/csp_pm.c:261:5: warning: value computed is not used [-Wunused-value]
../src/uC-CSP/MCU/Xilinx/Cortex-A9_MPCore/csp_pm.c: In function 'CSP_PM_PerClkDis':
../src/uC-CSP/MCU/Xilinx/Cortex-A9_MPCore/csp_pm.c:289:5: warning: value computed is not used [-Wunused-value]
../src/uC-CSP/MCU/Xilinx/Cortex-A9_MPCore/csp_pm.c: In function 'CSP_PM_SysClkEn':
../src/uC-CSP/MCU/Xilinx/Cortex-A9_MPCore/csp_pm.c:439:7: warning: value computed is not used [-Wunused-value]
../src/uC-CSP/MCU/Xilinx/Cortex-A9_MPCore/csp_pm.c:443:7: warning: value computed is not used [-Wunused-value]
../src/uC-CSP/MCU/Xilinx/Cortex-A9_MPCore/csp_pm.c:447:7: warning: value computed is not used [-Wunused-value]
../src/uC-CSP/MCU/Xilinx/Cortex-A9_MPCore/csp_pm.c: In function 'CSP_PM_SysClkDis':
../src/uC-CSP/MCU/Xilinx/Cortex-A9_MPCore/csp_pm.c:479:7: warning: value computed is not used [-Wunused-value]
../src/uC-CSP/MCU/Xilinx/Cortex-A9_MPCore/csp_pm.c:483:7: warning: value computed is not used [-Wunused-value]
../src/uC-CSP/MCU/Xilinx/Cortex-A9_MPCore/csp_pm.c:487:7: warning: value computed is not used [-Wunused-value]
'Finished building: ../src/uC-CSP/MCU/Xilinx/Cortex-A9_MPCore/csp_pm.c'
' '
'Building file: ../src/uC-CSP/MCU/Xilinx/Cortex-A9_MPCore/csp_tmr.c'
'Invoking: ARM gcc compiler'
arm-xilinx-eabi-gcc -Wall -O2 -DNDEBUG -I../src/App -I../src/BSP -I../src/Init -I../src/uC-CPU -I../src/uC-LIB -I../src/uC-CPU/ARM-Cortex-A9/GNU -I../src/uC-CSP/MCU -I../src/uC-CSP/MCU/Xilinx/Cortex-A9_MPCore -I../src/uC-CSP/MCU/Xilinx/Cortex-A9_MPCore/Zynq-7000 -I../src/uCOS-II/Source -I../src/uCOS-II/Ports/ARM-Cortex-A9/Generic/GNU -I../src/uCOS-II/Ports/ARM-Cortex-A9/CSP -I../src/uCOS-II/Ports/ARM-Cortex-A9/CSP/Xilinx/Cortex-A9_MPCore -I../../ucos-ii_demo_0_bsp/ps7_cortexa9_0/include -c -fmessage-length=0 -MMD -MP -MF"src/uC-CSP/MCU/Xilinx/Cortex-A9_MPCore/csp_tmr.d" -MT"src/uC-CSP/MCU/Xilinx/Cortex-A9_MPCore/csp_tmr.d" -o "src/uC-CSP/MCU/Xilinx/Cortex-A9_MPCore/csp_tmr.o" "../src/uC-CSP/MCU/Xilinx/Cortex-A9_MPCore/csp_tmr.c"
../src/uC-CSP/MCU/Xilinx/Cortex-A9_MPCore/csp_tmr.c: In function 'CSP_TmrStart':
'Finished building: ../src/uC-CSP/MCU/Xilinx/Cortex-A9_MPCore/csp_tmr.c'
../src/uC-CSP/MCU/Xilinx/Cortex-A9_MPCore/csp_tmr.c:363:10: warning: value computed is not used [-Wunused-value]
' '
'Building file: ../src/uC-CSP/MCU/csp.c'
'Invoking: ARM gcc compiler'
arm-xilinx-eabi-gcc -Wall -O2 -DNDEBUG -I../src/App -I../src/BSP -I../src/Init -I../src/uC-CPU -I../src/uC-LIB -I../src/uC-CPU/ARM-Cortex-A9/GNU -I../src/uC-CSP/MCU -I../src/uC-CSP/MCU/Xilinx/Cortex-A9_MPCore -I../src/uC-CSP/MCU/Xilinx/Cortex-A9_MPCore/Zynq-7000 -I../src/uCOS-II/Source -I../src/uCOS-II/Ports/ARM-Cortex-A9/Generic/GNU -I../src/uCOS-II/Ports/ARM-Cortex-A9/CSP -I../src/uCOS-II/Ports/ARM-Cortex-A9/CSP/Xilinx/Cortex-A9_MPCore -I../../ucos-ii_demo_0_bsp/ps7_cortexa9_0/include -c -fmessage-length=0 -MMD -MP -MF"src/uC-CSP/MCU/csp.d" -MT"src/uC-CSP/MCU/csp.d" -o "src/uC-CSP/MCU/csp.o" "../src/uC-CSP/MCU/csp.c"
'Finished building: ../src/uC-CSP/MCU/csp.c'
' '
'Building file: ../src/uC-CPU/ARM-Cortex-A9/GNU/cpu_a.s'
'Invoking: ARM gcc assembler'
arm-xilinx-eabi-gcc -c -I../src/App -I../src/BSP -I../src/Init -I../src/uC-CPU -I../src/uC-LIB -I../src/uC-CPU/ARM-Cortex-A9/GNU -I../src/uC-CSP/MCU -I../src/uC-CSP/MCU/Xilinx/Cortex-A9_MPCore -I../src/uC-CSP/MCU/Xilinx/Cortex-A9_MPCore/Zynq-7000 -I../src/uCOS-II/Source -I../src/uCOS-II/Ports/ARM-Cortex-A9/Generic/GNU -I../src/uCOS-II/Ports/ARM-Cortex-A9/CSP -I../src/uCOS-II/Ports/ARM-Cortex-A9/CSP/Xilinx/Cortex-A9_MPCore -o"src/uC-CPU/ARM-Cortex-A9/GNU/cpu_a.o" "../src/uC-CPU/ARM-Cortex-A9/GNU/cpu_a.s"
'Finished building: ../src/uC-CPU/ARM-Cortex-A9/GNU/cpu_a.s'
' '
'Building file: ../src/uC-CPU/cpu_core.c'
'Invoking: ARM gcc compiler'
arm-xilinx-eabi-gcc -Wall -O2 -DNDEBUG -I../src/App -I../src/BSP -I../src/Init -I../src/uC-CPU -I../src/uC-LIB -I../src/uC-CPU/ARM-Cortex-A9/GNU -I../src/uC-CSP/MCU -I../src/uC-CSP/MCU/Xilinx/Cortex-A9_MPCore -I../src/uC-CSP/MCU/Xilinx/Cortex-A9_MPCore/Zynq-7000 -I../src/uCOS-II/Source -I../src/uCOS-II/Ports/ARM-Cortex-A9/Generic/GNU -I../src/uCOS-II/Ports/ARM-Cortex-A9/CSP -I../src/uCOS-II/Ports/ARM-Cortex-A9/CSP/Xilinx/Cortex-A9_MPCore -I../../ucos-ii_demo_0_bsp/ps7_cortexa9_0/include -c -fmessage-length=0 -MMD -MP -MF"src/uC-CPU/cpu_core.d" -MT"src/uC-CPU/cpu_core.d" -o "src/uC-CPU/cpu_core.o" "../src/uC-CPU/cpu_core.c"
'Finished building: ../src/uC-CPU/cpu_core.c'
' '
'Building file: ../src/Init/platform.c'
'Invoking: ARM gcc compiler'
arm-xilinx-eabi-gcc -Wall -O2 -DNDEBUG -I../src/App -I../src/BSP -I../src/Init -I../src/uC-CPU -I../src/uC-LIB -I../src/uC-CPU/ARM-Cortex-A9/GNU -I../src/uC-CSP/MCU -I../src/uC-CSP/MCU/Xilinx/Cortex-A9_MPCore -I../src/uC-CSP/MCU/Xilinx/Cortex-A9_MPCore/Zynq-7000 -I../src/uCOS-II/Source -I../src/uCOS-II/Ports/ARM-Cortex-A9/Generic/GNU -I../src/uCOS-II/Ports/ARM-Cortex-A9/CSP -I../src/uCOS-II/Ports/ARM-Cortex-A9/CSP/Xilinx/Cortex-A9_MPCore -I../../ucos-ii_demo_0_bsp/ps7_cortexa9_0/include -c -fmessage-length=0 -MMD -MP -MF"src/Init/platform.d" -MT"src/Init/platform.d" -o "src/Init/platform.o" "../src/Init/platform.c"
'Finished building: ../src/Init/platform.c'
' '
'Building file: ../src/BSP/bsp.c'
'Invoking: ARM gcc compiler'
arm-xilinx-eabi-gcc -Wall -O2 -DNDEBUG -I../src/App -I../src/BSP -I../src/Init -I../src/uC-CPU -I../src/uC-LIB -I../src/uC-CPU/ARM-Cortex-A9/GNU -I../src/uC-CSP/MCU -I../src/uC-CSP/MCU/Xilinx/Cortex-A9_MPCore -I../src/uC-CSP/MCU/Xilinx/Cortex-A9_MPCore/Zynq-7000 -I../src/uCOS-II/Source -I../src/uCOS-II/Ports/ARM-Cortex-A9/Generic/GNU -I../src/uCOS-II/Ports/ARM-Cortex-A9/CSP -I../src/uCOS-II/Ports/ARM-Cortex-A9/CSP/Xilinx/Cortex-A9_MPCore -I../../ucos-ii_demo_0_bsp/ps7_cortexa9_0/include -c -fmessage-length=0 -MMD -MP -MF"src/BSP/bsp.d" -MT"src/BSP/bsp.d" -o "src/BSP/bsp.o" "../src/BSP/bsp.c"
'Finished building: ../src/BSP/bsp.c'
' '
'Building file: ../src/BSP/bsp_os.c'
'Invoking: ARM gcc compiler'
arm-xilinx-eabi-gcc -Wall -O2 -DNDEBUG -I../src/App -I../src/BSP -I../src/Init -I../src/uC-CPU -I../src/uC-LIB -I../src/uC-CPU/ARM-Cortex-A9/GNU -I../src/uC-CSP/MCU -I../src/uC-CSP/MCU/Xilinx/Cortex-A9_MPCore -I../src/uC-CSP/MCU/Xilinx/Cortex-A9_MPCore/Zynq-7000 -I../src/uCOS-II/Source -I../src/uCOS-II/Ports/ARM-Cortex-A9/Generic/GNU -I../src/uCOS-II/Ports/ARM-Cortex-A9/CSP -I../src/uCOS-II/Ports/ARM-Cortex-A9/CSP/Xilinx/Cortex-A9_MPCore -I../../ucos-ii_demo_0_bsp/ps7_cortexa9_0/include -c -fmessage-length=0 -MMD -MP -MF"src/BSP/bsp_os.d" -MT"src/BSP/bsp_os.d" -o "src/BSP/bsp_os.o" "../src/BSP/bsp_os.c"
'Finished building: ../src/BSP/bsp_os.c'
' '
'Building file: ../src/App/port/guest_os_fctns.c'
'Invoking: ARM gcc compiler'
arm-xilinx-eabi-gcc -Wall -O2 -DNDEBUG -I../src/App -I../src/BSP -I../src/Init -I../src/uC-CPU -I../src/uC-LIB -I../src/uC-CPU/ARM-Cortex-A9/GNU -I../src/uC-CSP/MCU -I../src/uC-CSP/MCU/Xilinx/Cortex-A9_MPCore -I../src/uC-CSP/MCU/Xilinx/Cortex-A9_MPCore/Zynq-7000 -I../src/uCOS-II/Source -I../src/uCOS-II/Ports/ARM-Cortex-A9/Generic/GNU -I../src/uCOS-II/Ports/ARM-Cortex-A9/CSP -I../src/uCOS-II/Ports/ARM-Cortex-A9/CSP/Xilinx/Cortex-A9_MPCore -I../../ucos-ii_demo_0_bsp/ps7_cortexa9_0/include -c -fmessage-length=0 -MMD -MP -MF"src/App/port/guest_os_fctns.d" -MT"src/App/port/guest_os_fctns.d" -o "src/App/port/guest_os_fctns.o" "../src/App/port/guest_os_fctns.c"
'Finished building: ../src/App/port/guest_os_fctns.c'
../src/App/port/guest_os_fctns.c: In function 'guest_IRQ_Acknowledge':
' '
../src/App/port/guest_os_fctns.c:82:2: warning: 'return' with no value, in function returning non-void [-Wreturn-type]
'Building file: ../src/App/port/guest_os_start.S'
../src/App/port/guest_os_fctns.c: In function 'guest_IRQ_Register':
'Invoking: ARM gcc compiler'
../src/App/port/guest_os_fctns.c:90:2: warning: passing argument 2 of 'sys_virq_ctrl' makes integer from pointer without a cast [enabled by default]
In file included from ../src/App/port/guest_os_fctns.c:7:0:
../src/App/port/syscall_list.h:19:13: note: expected 'int' but argument is of type 'void (*)()'
arm-xilinx-eabi-gcc -Wall -O2 -DNDEBUG -I../src/App -I../src/BSP -I../src/Init -I../src/uC-CPU -I../src/uC-LIB -I../src/uC-CPU/ARM-Cortex-A9/GNU -I../src/uC-CSP/MCU -I../src/uC-CSP/MCU/Xilinx/Cortex-A9_MPCore -I../src/uC-CSP/MCU/Xilinx/Cortex-A9_MPCore/Zynq-7000 -I../src/uCOS-II/Source -I../src/uCOS-II/Ports/ARM-Cortex-A9/Generic/GNU -I../src/uCOS-II/Ports/ARM-Cortex-A9/CSP -I../src/uCOS-II/Ports/ARM-Cortex-A9/CSP/Xilinx/Cortex-A9_MPCore -I../../ucos-ii_demo_0_bsp/ps7_cortexa9_0/include -c -fmessage-length=0 -MMD -MP -MF"src/App/port/guest_os_start.d" -MT"src/App/port/guest_os_start.d" -o "src/App/port/guest_os_start.o" "../src/App/port/guest_os_start.S"
'Finished building: ../src/App/port/guest_os_start.S'
' '
'Building file: ../src/App/port/guest_os_start_pre.S'
'Invoking: ARM gcc compiler'
arm-xilinx-eabi-gcc -Wall -O2 -DNDEBUG -I../src/App -I../src/BSP -I../src/Init -I../src/uC-CPU -I../src/uC-LIB -I../src/uC-CPU/ARM-Cortex-A9/GNU -I../src/uC-CSP/MCU -I../src/uC-CSP/MCU/Xilinx/Cortex-A9_MPCore -I../src/uC-CSP/MCU/Xilinx/Cortex-A9_MPCore/Zynq-7000 -I../src/uCOS-II/Source -I../src/uCOS-II/Ports/ARM-Cortex-A9/Generic/GNU -I../src/uCOS-II/Ports/ARM-Cortex-A9/CSP -I../src/uCOS-II/Ports/ARM-Cortex-A9/CSP/Xilinx/Cortex-A9_MPCore -I../../ucos-ii_demo_0_bsp/ps7_cortexa9_0/include -c -fmessage-length=0 -MMD -MP -MF"src/App/port/guest_os_start_pre.d" -MT"src/App/port/guest_os_start_pre.d" -o "src/App/port/guest_os_start_pre.o" "../src/App/port/guest_os_start_pre.S"
'Finished building: ../src/App/port/guest_os_start_pre.S'
' '
'Building file: ../src/App/port/performance.c'
'Invoking: ARM gcc compiler'
arm-xilinx-eabi-gcc -Wall -O2 -DNDEBUG -I../src/App -I../src/BSP -I../src/Init -I../src/uC-CPU -I../src/uC-LIB -I../src/uC-CPU/ARM-Cortex-A9/GNU -I../src/uC-CSP/MCU -I../src/uC-CSP/MCU/Xilinx/Cortex-A9_MPCore -I../src/uC-CSP/MCU/Xilinx/Cortex-A9_MPCore/Zynq-7000 -I../src/uCOS-II/Source -I../src/uCOS-II/Ports/ARM-Cortex-A9/Generic/GNU -I../src/uCOS-II/Ports/ARM-Cortex-A9/CSP -I../src/uCOS-II/Ports/ARM-Cortex-A9/CSP/Xilinx/Cortex-A9_MPCore -I../../ucos-ii_demo_0_bsp/ps7_cortexa9_0/include -c -fmessage-length=0 -MMD -MP -MF"src/App/port/performance.d" -MT"src/App/port/performance.d" -o "src/App/port/performance.o" "../src/App/port/performance.c"
../src/App/port/performance.c: In function 'XTime_SetTime':
../src/App/port/performance.c:25:2: warning: implicit declaration of function 'Xil_Out32' [-Wimplicit-function-declaration]
'Finished building: ../src/App/port/performance.c'
../src/App/port/performance.c: In function 'timeprint_low':
' '
../src/App/port/performance.c:40:2: warning: implicit declaration of function 'Xil_In32' [-Wimplicit-function-declaration]
'Building file: ../src/App/port/syscall.S'
../src/App/port/performance.c:41:2: warning: implicit declaration of function 'xil_printf' [-Wimplicit-function-declaration]
'Invoking: ARM gcc compiler'
arm-xilinx-eabi-gcc -Wall -O2 -DNDEBUG -I../src/App -I../src/BSP -I../src/Init -I../src/uC-CPU -I../src/uC-LIB -I../src/uC-CPU/ARM-Cortex-A9/GNU -I../src/uC-CSP/MCU -I../src/uC-CSP/MCU/Xilinx/Cortex-A9_MPCore -I../src/uC-CSP/MCU/Xilinx/Cortex-A9_MPCore/Zynq-7000 -I../src/uCOS-II/Source -I../src/uCOS-II/Ports/ARM-Cortex-A9/Generic/GNU -I../src/uCOS-II/Ports/ARM-Cortex-A9/CSP -I../src/uCOS-II/Ports/ARM-Cortex-A9/CSP/Xilinx/Cortex-A9_MPCore -I../../ucos-ii_demo_0_bsp/ps7_cortexa9_0/include -c -fmessage-length=0 -MMD -MP -MF"src/App/port/syscall.d" -MT"src/App/port/syscall.d" -o "src/App/port/syscall.o" "../src/App/port/syscall.S"
'Finished building: ../src/App/port/syscall.S'
' '
'Building file: ../src/App/port/syscall_list.c'
'Invoking: ARM gcc compiler'
arm-xilinx-eabi-gcc -Wall -O2 -DNDEBUG -I../src/App -I../src/BSP -I../src/Init -I../src/uC-CPU -I../src/uC-LIB -I../src/uC-CPU/ARM-Cortex-A9/GNU -I../src/uC-CSP/MCU -I../src/uC-CSP/MCU/Xilinx/Cortex-A9_MPCore -I../src/uC-CSP/MCU/Xilinx/Cortex-A9_MPCore/Zynq-7000 -I../src/uCOS-II/Source -I../src/uCOS-II/Ports/ARM-Cortex-A9/Generic/GNU -I../src/uCOS-II/Ports/ARM-Cortex-A9/CSP -I../src/uCOS-II/Ports/ARM-Cortex-A9/CSP/Xilinx/Cortex-A9_MPCore -I../../ucos-ii_demo_0_bsp/ps7_cortexa9_0/include -c -fmessage-length=0 -MMD -MP -MF"src/App/port/syscall_list.d" -MT"src/App/port/syscall_list.d" -o "src/App/port/syscall_list.o" "../src/App/port/syscall_list.c"
../src/App/port/syscall_list.c: In function 'sys_mbox_post':
../src/App/port/syscall_list.c:105:2: warning: 'return' with no value, in function returning non-void [-Wreturn-type]
'Finished building: ../src/App/port/syscall_list.c'
' '
'Building file: ../src/App/app.c'
'Invoking: ARM gcc compiler'
arm-xilinx-eabi-gcc -Wall -O2 -DNDEBUG -I../src/App -I../src/BSP -I../src/Init -I../src/uC-CPU -I../src/uC-LIB -I../src/uC-CPU/ARM-Cortex-A9/GNU -I../src/uC-CSP/MCU -I../src/uC-CSP/MCU/Xilinx/Cortex-A9_MPCore -I../src/uC-CSP/MCU/Xilinx/Cortex-A9_MPCore/Zynq-7000 -I../src/uCOS-II/Source -I../src/uCOS-II/Ports/ARM-Cortex-A9/Generic/GNU -I../src/uCOS-II/Ports/ARM-Cortex-A9/CSP -I../src/uCOS-II/Ports/ARM-Cortex-A9/CSP/Xilinx/Cortex-A9_MPCore -I../../ucos-ii_demo_0_bsp/ps7_cortexa9_0/include -c -fmessage-length=0 -MMD -MP -MF"src/App/app.d" -MT"src/App/app.d" -o "src/App/app.o" "../src/App/app.c"
../src/App/port/syscall_list.c: In function 'sys_mbox_read':
../src/App/port/syscall_list.c:110:2: warning: passing argument 3 of 'syscall' makes integer from pointer without a cast [enabled by default]
In file included from ../src/App/port/syscall_list.c:8:0:
../src/App/port/syscall.h:13:13: note: expected 'unsigned int' but argument is of type 'long unsigned int *'
../src/App/port/syscall_list.c:111:2: warning: 'return' with no value, in function returning non-void [-Wreturn-type]
../src/App/port/syscall_list.c: In function 'sys_void':
../src/App/port/syscall_list.c:118:2: warning: implicit declaration of function 'print' [-Wimplicit-function-declaration]
../src/App/app.c: In function 'AppTask3':
../src/App/app.c:378:6: warning: implicit declaration of function 'xil_printf' [-Wimplicit-function-declaration]
../src/App/app.c: At top level:
../src/App/app.c:59:22: warning: 'AppTask3Stk' defined but not used [-Wunused-variable]
../src/App/app.c:358:15: warning: 'AppTask3' defined but not used [-Wunused-function]
'Finished building: ../src/App/app.c'
' '
'Building file: ../src/App/app_hooks.c'
'Invoking: ARM gcc compiler'
arm-xilinx-eabi-gcc -Wall -O2 -DNDEBUG -I../src/App -I../src/BSP -I../src/Init -I../src/uC-CPU -I../src/uC-LIB -I../src/uC-CPU/ARM-Cortex-A9/GNU -I../src/uC-CSP/MCU -I../src/uC-CSP/MCU/Xilinx/Cortex-A9_MPCore -I../src/uC-CSP/MCU/Xilinx/Cortex-A9_MPCore/Zynq-7000 -I../src/uCOS-II/Source -I../src/uCOS-II/Ports/ARM-Cortex-A9/Generic/GNU -I../src/uCOS-II/Ports/ARM-Cortex-A9/CSP -I../src/uCOS-II/Ports/ARM-Cortex-A9/CSP/Xilinx/Cortex-A9_MPCore -I../../ucos-ii_demo_0_bsp/ps7_cortexa9_0/include -c -fmessage-length=0 -MMD -MP -MF"src/App/app_hooks.d" -MT"src/App/app_hooks.d" -o "src/App/app_hooks.o" "../src/App/app_hooks.c"
'Finished building: ../src/App/app_hooks.c'
' '
'Building target: ucos-ii_demo_0.elf'
'Invoking: ARM gcc linker'
arm-xilinx-eabi-gcc -gc-sections -static -n -Wl,-T -Wl,../src/lscript.ld -L../../ucos-ii_demo_0_bsp/ps7_cortexa9_0/lib -o "ucos-ii_demo_0.elf"  ./src/uCOS-II/Source/os_core.o ./src/uCOS-II/Source/os_dbg_r.o ./src/uCOS-II/Source/os_flag.o ./src/uCOS-II/Source/os_mbox.o ./src/uCOS-II/Source/os_mem.o ./src/uCOS-II/Source/os_mutex.o ./src/uCOS-II/Source/os_q.o ./src/uCOS-II/Source/os_sem.o ./src/uCOS-II/Source/os_task.o ./src/uCOS-II/Source/os_time.o ./src/uCOS-II/Source/os_tmr.o  ./src/uCOS-II/Ports/ARM-Cortex-A9/Generic/GNU/os_cpu_a.o ./src/uCOS-II/Ports/ARM-Cortex-A9/Generic/GNU/os_cpu_c.o  ./src/uCOS-II/Ports/ARM-Cortex-A9/CSP/Xilinx/Cortex-A9_MPCore/os_csp.o  ./src/uC-LIB/lib_ascii.o ./src/uC-LIB/lib_math.o ./src/uC-LIB/lib_mem.o ./src/uC-LIB/lib_str.o  ./src/uC-CSP/MCU/Xilinx/Cortex-A9_MPCore/csp_gpio.o ./src/uC-CSP/MCU/Xilinx/Cortex-A9_MPCore/csp_int.o ./src/uC-CSP/MCU/Xilinx/Cortex-A9_MPCore/csp_pm.o ./src/uC-CSP/MCU/Xilinx/Cortex-A9_MPCore/csp_tmr.o  ./src/uC-CSP/MCU/csp.o  ./src/uC-CPU/ARM-Cortex-A9/GNU/cpu_a.o  ./src/uC-CPU/cpu_core.o  ./src/Init/platform.o  ./src/BSP/bsp.o ./src/BSP/bsp_os.o  ./src/App/port/guest_os_fctns.o ./src/App/port/guest_os_start.o ./src/App/port/guest_os_start_pre.o ./src/App/port/performance.o ./src/App/port/syscall.o ./src/App/port/syscall_list.o  ./src/App/app.o ./src/App/app_hooks.o   -lm -Wl,--start-group,-lxil,-lgcc,-lc,--end-group
'Finished building target: ucos-ii_demo_0.elf'
' '
'Invoking: ARM Print Size'
arm-xilinx-eabi-size ucos-ii_demo_0.elf  |tee "ucos-ii_demo_0.elf.size"
   text	   data	    bss	    dec	    hex	filename
  32508	   1120	  28028	  61656	   f0d8	ucos-ii_demo_0.elf
'Finished building: ucos-ii_demo_0.elf.size'
' '

14:36:28 Build Finished (took 13s.578ms)

