17:51:53 **** Auto Build of configuration Debug for project ucos-ii_demo_MiBench ****
make all 
'Building file: ../src/App/app.c'
'Invoking: ARM gcc compiler'
arm-xilinx-eabi-gcc -Wall -O0 -DNDEBUG -I../src/App -I../src/BSP -I../src/Init -I../src/uC-CPU -I../src/uC-LIB -I../src/uC-CPU/ARM-Cortex-A9/GNU -I../src/uC-CSP/MCU -I../src/uC-CSP/MCU/Xilinx/Cortex-A9_MPCore -I../src/uC-CSP/MCU/Xilinx/Cortex-A9_MPCore/Zynq-7000 -I../src/uCOS-II/Source -I../src/uCOS-II/Ports/ARM-Cortex-A9/Generic/GNU -I../src/uCOS-II/Ports/ARM-Cortex-A9/CSP -I../src/uCOS-II/Ports/ARM-Cortex-A9/CSP/Xilinx/Cortex-A9_MPCore -I../../ucos-ii_demo_0_bsp/ps7_cortexa9_0/include -c -fmessage-length=0 -MMD -MP -MF"src/App/app.d" -MT"src/App/app.d" -o "src/App/app.o" "../src/App/app.c"
../src/App/app.c: In function 'AppTaskStart':
../src/App/app.c:193:6: warning: implicit declaration of function 'sys_void' [-Wimplicit-function-declaration]
../src/App/app.c: In function 'AppTask3':
../src/App/app.c:410:6: warning: implicit declaration of function 'xil_printf' [-Wimplicit-function-declaration]
../src/App/app.c: At top level:
../src/App/app.c:59:22: warning: 'AppTask3Stk' defined but not used [-Wunused-variable]
../src/App/app.c:390:15: warning: 'AppTask3' defined but not used [-Wunused-function]
'Finished building: ../src/App/app.c'
' '
'Building target: ucos-ii_demo_MiBench.elf'
'Invoking: ARM gcc linker'
arm-xilinx-eabi-gcc -gc-sections -static -n -Wl,-T -Wl,../src/lscript.ld -L../../ucos-ii_demo_0_bsp/ps7_cortexa9_0/lib -o "ucos-ii_demo_MiBench.elf"  ./src/uCOS-II/Source/os_core.o ./src/uCOS-II/Source/os_dbg_r.o ./src/uCOS-II/Source/os_flag.o ./src/uCOS-II/Source/os_mbox.o ./src/uCOS-II/Source/os_mem.o ./src/uCOS-II/Source/os_mutex.o ./src/uCOS-II/Source/os_q.o ./src/uCOS-II/Source/os_sem.o ./src/uCOS-II/Source/os_task.o ./src/uCOS-II/Source/os_time.o ./src/uCOS-II/Source/os_tmr.o  ./src/uCOS-II/Ports/ARM-Cortex-A9/Generic/GNU/os_cpu_a.o ./src/uCOS-II/Ports/ARM-Cortex-A9/Generic/GNU/os_cpu_c.o  ./src/uCOS-II/Ports/ARM-Cortex-A9/CSP/Xilinx/Cortex-A9_MPCore/os_csp.o  ./src/uC-LIB/lib_ascii.o ./src/uC-LIB/lib_math.o ./src/uC-LIB/lib_mem.o ./src/uC-LIB/lib_str.o  ./src/uC-CSP/MCU/Xilinx/Cortex-A9_MPCore/csp_gpio.o ./src/uC-CSP/MCU/Xilinx/Cortex-A9_MPCore/csp_int.o ./src/uC-CSP/MCU/Xilinx/Cortex-A9_MPCore/csp_pm.o ./src/uC-CSP/MCU/Xilinx/Cortex-A9_MPCore/csp_tmr.o  ./src/uC-CSP/MCU/csp.o  ./src/uC-CPU/ARM-Cortex-A9/GNU/cpu_a.o  ./src/uC-CPU/cpu_core.o  ./src/Init/platform.o  ./src/BSP/bsp.o ./src/BSP/bsp_os.o  ./src/App/port/ThreadMetric/tm_basic_processing_test.o ./src/App/port/ThreadMetric/tm_interrupt_preemption_processing_test.o ./src/App/port/ThreadMetric/tm_interrupt_processing_test.o ./src/App/port/ThreadMetric/tm_memory_allocation_test.o ./src/App/port/ThreadMetric/tm_message_processing_test.o ./src/App/port/ThreadMetric/tm_porting_layer.o ./src/App/port/ThreadMetric/tm_preemptive_scheduling_test.o ./src/App/port/ThreadMetric/tm_synchronization_processing_test.o  ./src/App/port/guest_os_fctns.o ./src/App/port/guest_os_start.o ./src/App/port/guest_os_start_pre.o ./src/App/port/performance.o ./src/App/port/syscall.o ./src/App/port/syscall_list.o  ./src/App/app.o ./src/App/app_hooks.o  ./.metadata/.plugins/org.eclipse.cdt.make.core/specs.o   -lm -Wl,--start-group,-lxil,-lgcc,-lc,--end-group
'Finished building target: ucos-ii_demo_MiBench.elf'
' '
'Invoking: ARM Print Size'
arm-xilinx-eabi-size ucos-ii_demo_MiBench.elf  |tee "ucos-ii_demo_MiBench.elf.size"
   text	   data	    bss	    dec	    hex	filename
  68356	   2160	 151796	 222312	  36468	ucos-ii_demo_MiBench.elf
'Finished building: ucos-ii_demo_MiBench.elf.size'
' '

17:51:54 Build Finished (took 1s.469ms)

